<?xml version="1.0"?>
<ds:Signature xmlns:ds="http://www.w3.org/2000/09/xmldsig#">
  <ds:SignedInfo>
    <ds:CanonicalizationMethod Algorithm="http://www.w3.org/TR/2001/REC-xml-c14n-20010315"/>
    <ds:SignatureMethod Algorithm="http://www.w3.org/2001/04/xmldsig-more#rsa-sha256"/>
    <ds:Reference URI="">
      <ds:Transforms>
        <ds:Transform Algorithm="http://www.w3.org/2000/09/xmldsig#enveloped-signature"/>
      </ds:Transforms>
      <ds:DigestMethod Algorithm="http://www.w3.org/2001/04/xmlenc#sha256"/>
      <ds:DigestValue>Y7AjZWFIHoqKG9H7IcoDXux+bD6BAfvkGm4vwuUsGWU=</ds:DigestValue>
    </ds:Reference>
  </ds:SignedInfo>
  <ds:SignatureValue>AOZE6ln8s+B3zBm95loYtm3/fvB9Z05NriNPR8xD9El8h2kOLD+iy4QFJx9Q1w0ySlF2EqoFHvhGiwCEsHf62trPmLrJ2RSpgSCyRkh9H715wOSOkWz7BHMgIuK8p8h8Gi/OvKGFJs1ce6KiVt121KfzkF0FrSX9QIbnNdpmvXjRDd2cLGsM318JCuNyvZ8nsEbeqY0l6eD8ZcN6OoEvdBugM0moDBACjKUSXPk8zaq+BKq5LW4L0wBqrA8Je0uMP6A/MEfLb5ez0jdEsuJ2bJwwgdNFgPZSRmo1OCIavwuTGOUJq9DFzhT/8cmtB8Uxjj9c8ZMNMymD29L54b50Qw==</ds:SignatureValue>
  <ds:KeyInfo>
    <ds:X509Data>
      <ds:X509Certificate>MIIEEDCCAvigAwIBAgIJAKMzcZHJt4mPMA0GCSqGSIb3DQEBCwUAMIGeMQswCQYDVQQGEwJDQTEUMBIGA1UECAwLTm92YSBTY290aWExDjAMBgNVBAcMBVRydXJvMRswGQYDVQQKDBJOb21hZCB3ZWIgdmVudHVyZXMxCzAJBgNVBAsMAklUMRswGQYDVQQDDBJOb21hZCB3ZWIgdmVudHVyZXMxIjAgBgkqhkiG9w0BCQEWE2xvZHVpc0BteWFiYWt1cy5jb20wHhcNMTgwMTIwMTcxNjI1WhcNMjMwMTE5MTcxNjI1WjCBlDELMAkGA1UEBhMCQ0ExFDASBgNVBAgMC05vdmEgU2NvdGlhMQ4wDAYDVQQHDAVUcnVybzEbMBkGA1UECgwSTm9tYWQgd2ViIHZlbnR1cmVzMQswCQYDVQQLDAJJVDERMA8GA1UEAwwIbXlBYmFrdXMxIjAgBgkqhkiG9w0BCQEWE2xvZHVpc0BteWFiYWt1cy5jb20wggEiMA0GCSqGSIb3DQEBAQUAA4IBDwAwggEKAoIBAQC+TnJlqN8CWFn1Pwl1sW0FigsS2qpjhkQcHWc1e/clFnsG+4URgZenyPPCKAiMN97pZkj0Q9ovxnWQkQLutvJvAhGJNz7PdwHHPnXUz/gnpsdpMjeV1TdfN2oA8Lp2bCA/1EsT3fCv/dGW1D5nvHSL00lDip2sD6orTFb01bjeSnSMFGxAlh8zvzGCiq12Is4aHsoTjiOAXQyPsmp12pqezbCvR/+QrrM1C944dPzEgpvwzcYKFRfu3Na0/v53/NGA7/P+G5sdd1D+DD60VPeK3am99e/otiCn/lZ9V3CnE9+CGtIlisHlHFtTaUXUu6YDlh1mJq/FVtzeR/AqbSA3AgMBAAGjWTBXMB8GA1UdIwQYMBaAFLVUvxk4jdDo89CtoP9BiXuyBNOnMAkGA1UdEwQCMAAwCwYDVR0PBAQDAgTwMBwGA1UdEQQVMBOCEXd3dy5sb2NhbGhvc3Qub3JnMA0GCSqGSIb3DQEBCwUAA4IBAQAHnmwJUUkNmNnXG65ZT4m+1E6BRMz6q4eV4DGaYCRbHbyTkGgu35UaM+oBAKf81//eDyAIw1AGZYzoET79QAqztDR/9Zq1MnAmhRIf6s7mR+RTWSlkteDlHjl2Ne2ZVZYZbsU/1VOxhg52rAUO0IpE9ZPu9vO7hKdtnAVZmzF8a7TRnaAuqsu68kS7MCcxtsMuZwOURWy1UNtB36dqOyNguv3umPycDoUnfxskfSBSl5vn66RQvgH/Lkn5ArgyiqsixaZ8LuegngmntT+hWv8utUN2sEBQgfYfkL50STqmuztQd5dGR/WHhIywqSHH4C4/vu/xcJFmDP29HAgGX/TY</ds:X509Certificate>
    </ds:X509Data>
  </ds:KeyInfo>
</ds:Signature>
