<?xml version="1.0"?>
<ds:Signature xmlns:ds="http://www.w3.org/2000/09/xmldsig#" Id="signature">
  <ds:SignedInfo>
    <ds:CanonicalizationMethod Algorithm="http://www.w3.org/TR/2001/REC-xml-c14n-20010315"/>
    <ds:SignatureMethod Algorithm="http://www.w3.org/2001/04/xmldsig-more#rsa-sha256"/>
    <ds:Reference URI="">
      <ds:Transforms>
        <ds:Transform Algorithm="http://www.w3.org/2000/09/xmldsig#enveloped-signature"/>
      </ds:Transforms>
      <ds:DigestMethod Algorithm="http://www.w3.org/2001/04/xmlenc#sha256"/>
      <ds:DigestValue>Y7AjZWFIHoqKG9H7IcoDXux+bD6BAfvkGm4vwuUsGWU=</ds:DigestValue>
    </ds:Reference>
    <ds:Reference URI="#keyInfo">
      <ds:DigestMethod Algorithm="http://www.w3.org/2001/04/xmlenc#sha256"/>
      <ds:DigestValue>JcUvFnpMvoX0HI7q9pQ+4raBrucMKR95dKc905xDEgo=</ds:DigestValue>
    </ds:Reference>
    <ds:Reference Type="http://uri.etsi.org/01903#SignedProperties" URI="#signedprops">
      <ds:DigestMethod Algorithm="http://www.w3.org/2001/04/xmlenc#sha256"/>
      <ds:DigestValue>p4vu46k14zcHnVNy7YSs1EJQupUWiVu0faCKdfyUXco=</ds:DigestValue>
    </ds:Reference>
  </ds:SignedInfo>
  <ds:SignatureValue>PrAiziYNvorN/zcIorh6fkYRbS6lQ8xnod/DMEF9mxOd0pDGh1VFPuAVdVFnBdgDTzf5jZOXbtV3ypNSXScoalVGOG8t+zPas96/TbZzyks7O1zveb+35FDtYp5+Z11wtEhf694yEdUk1ocLOOUNvkYZHmsmkekcaT3K2J2MU4pO33TnER1uPfoYLCJfabCg7TEVQwBL7IIU3HxdKor/UQWdKmHnmVYft0e/1iU0X2UcCyxLvPzzZBLM/P5q+yWuVHjtPXQhHp2eTeYMunqUMDl/Hloqd3fIfOddHYrer1XSprq4eOf4vpdNIq07B3V5nWpzEv+oZ2t8zduC4z93Lg==</ds:SignatureValue>
  <ds:KeyInfo Id="keyInfo">
    <ds:X509Data>
      <ds:X509Certificate>MIIEEDCCAvigAwIBAgIJAKMzcZHJt4mPMA0GCSqGSIb3DQEBCwUAMIGeMQswCQYDVQQGEwJDQTEUMBIGA1UECAwLTm92YSBTY290aWExDjAMBgNVBAcMBVRydXJvMRswGQYDVQQKDBJOb21hZCB3ZWIgdmVudHVyZXMxCzAJBgNVBAsMAklUMRswGQYDVQQDDBJOb21hZCB3ZWIgdmVudHVyZXMxIjAgBgkqhkiG9w0BCQEWE2xvZHVpc0BteWFiYWt1cy5jb20wHhcNMTgwMTIwMTcxNjI1WhcNMjMwMTE5MTcxNjI1WjCBlDELMAkGA1UEBhMCQ0ExFDASBgNVBAgMC05vdmEgU2NvdGlhMQ4wDAYDVQQHDAVUcnVybzEbMBkGA1UECgwSTm9tYWQgd2ViIHZlbnR1cmVzMQswCQYDVQQLDAJJVDERMA8GA1UEAwwIbXlBYmFrdXMxIjAgBgkqhkiG9w0BCQEWE2xvZHVpc0BteWFiYWt1cy5jb20wggEiMA0GCSqGSIb3DQEBAQUAA4IBDwAwggEKAoIBAQC+TnJlqN8CWFn1Pwl1sW0FigsS2qpjhkQcHWc1e/clFnsG+4URgZenyPPCKAiMN97pZkj0Q9ovxnWQkQLutvJvAhGJNz7PdwHHPnXUz/gnpsdpMjeV1TdfN2oA8Lp2bCA/1EsT3fCv/dGW1D5nvHSL00lDip2sD6orTFb01bjeSnSMFGxAlh8zvzGCiq12Is4aHsoTjiOAXQyPsmp12pqezbCvR/+QrrM1C944dPzEgpvwzcYKFRfu3Na0/v53/NGA7/P+G5sdd1D+DD60VPeK3am99e/otiCn/lZ9V3CnE9+CGtIlisHlHFtTaUXUu6YDlh1mJq/FVtzeR/AqbSA3AgMBAAGjWTBXMB8GA1UdIwQYMBaAFLVUvxk4jdDo89CtoP9BiXuyBNOnMAkGA1UdEwQCMAAwCwYDVR0PBAQDAgTwMBwGA1UdEQQVMBOCEXd3dy5sb2NhbGhvc3Qub3JnMA0GCSqGSIb3DQEBCwUAA4IBAQAHnmwJUUkNmNnXG65ZT4m+1E6BRMz6q4eV4DGaYCRbHbyTkGgu35UaM+oBAKf81//eDyAIw1AGZYzoET79QAqztDR/9Zq1MnAmhRIf6s7mR+RTWSlkteDlHjl2Ne2ZVZYZbsU/1VOxhg52rAUO0IpE9ZPu9vO7hKdtnAVZmzF8a7TRnaAuqsu68kS7MCcxtsMuZwOURWy1UNtB36dqOyNguv3umPycDoUnfxskfSBSl5vn66RQvgH/Lkn5ArgyiqsixaZ8LuegngmntT+hWv8utUN2sEBQgfYfkL50STqmuztQd5dGR/WHhIywqSHH4C4/vu/xcJFmDP29HAgGX/TY</ds:X509Certificate>
    </ds:X509Data>
  </ds:KeyInfo>
  <ds:Object>
    <xades:QualifyingProperties xmlns:xades="http://uri.etsi.org/01903/v1.3.2#" xmlns:xades141="http://uri.etsi.org/01903/v1.4.1#" Target="#signature">
      <xades:SignedProperties Id="signedprops">
        <xades:SignedSignatureProperties>
          <xades:SigningTime>2016-07-12T11:17:38.639-05:00</xades:SigningTime>
          <xades:SigningCertificate>
            <xades:Cert>
              <xades:CertDigest>
                <ds:DigestMethod Algorithm="http://www.w3.org/2001/04/xmlenc#sha256"/>
                <ds:DigestValue>CWRZ6T8gorOatsXd1JPkT1i8OpE=</ds:DigestValue>
              </xades:CertDigest>
              <xades:IssuerSerial>
                <ds:X509IssuerName>C=CO,L=Bogota D.C.,O=Andes SCD.,OU=Division de certificacion entidad final,CN=CA ANDES SCD S.A. Clase II,1.2.840.113549.1.9.1=#1614696e666f40616e6465737363642e636f6d2e636f</ds:X509IssuerName>
                <ds:X509SerialNumber>9128602840918470673</ds:X509SerialNumber>
              </xades:IssuerSerial>
            </xades:Cert>
            <xades:Cert>
              <xades:CertDigest>
                <ds:DigestMethod Algorithm="http://www.w3.org/2001/04/xmlenc#sha256"/>
                <ds:DigestValue>2MdGh3SWIpDtWUwz55wsIZssL0I=</ds:DigestValue>
              </xades:CertDigest>
              <xades:IssuerSerial>
                <ds:X509IssuerName>C=CO,L=Bogota D.C.,O=Andes SCD,OU=Division de certificacion,CN=ROOT CA ANDES SCD S.A.,1.2.840.113549.1.9.1=#1614696e666f40616e6465737363642e636f6d2e636f</ds:X509IssuerName>
                <ds:X509SerialNumber>7958418607150926283</ds:X509SerialNumber>
              </xades:IssuerSerial>
            </xades:Cert>
            <xades:Cert>
              <xades:CertDigest>
                <ds:DigestMethod Algorithm="http://www.w3.org/2001/04/xmlenc#sha256"/>
                <ds:DigestValue>7l7ZXDfZm3oHmBzjvala0kbXhOU=</ds:DigestValue>
              </xades:CertDigest>
              <xades:IssuerSerial>
                <ds:X509IssuerName>C=CO,L=Bogota D.C.,O=Andes SCD,OU=Division de certificacion,CN=ROOT CA ANDES SCD S.A.,1.2.840.113549.1.9.1=#1614696e666f40616e6465737363642e636f6d2e636f</ds:X509IssuerName>
                <ds:X509SerialNumber>3248112716520923666</ds:X509SerialNumber>
              </xades:IssuerSerial>
            </xades:Cert>
          </xades:SigningCertificate>
          <xades:SignaturePolicyIdentifier>
            <xades:SignaturePolicyId>
              <xades:SigPolicyId>
                <xades:Identifier>https://facturaelectronica.dian.gov.co/politicadefirma/v1/politicadefirmav1.pdf</xades:Identifier>
              </xades:SigPolicyId>
              <xades:SigPolicyHash>
                <ds:DigestMethod Algorithm="http://www.w3.org/2001/04/xmlenc#sha256"/>
                <ds:DigestValue>61fInBICBQOCBwuTwlaOZSi9HKc=</ds:DigestValue>
              </xades:SigPolicyHash>
            </xades:SignaturePolicyId>
          </xades:SignaturePolicyIdentifier>
          <xades:SignerRole>
            <xades:ClaimedRoles>
              <xades:ClaimedRole>supplier</xades:ClaimedRole>
            </xades:ClaimedRoles>
          </xades:SignerRole>
        </xades:SignedSignatureProperties>
      </xades:SignedProperties>
    </xades:QualifyingProperties>
  </ds:Object>
</ds:Signature>
